i   
i Verifying the deployment:    http://localhost:8080
  against the specification:   example/petstore-basic.spex

i Checking the specification.

i Waiting for health check to pass...

✓ Health check passed!

i Starting to run tests...

✓ Done testing!
i     
  Found 0 intereresting test case.

  Coverage:
    2xx:
      47% addPet (47 ops)
    404:
      53% getPet (53 ops)

    Not covered (no non-404 responses):
      getPet

  Total operations (ops): 100

  Use --seed 2503963955766725184 to reproduce this run.
